
> rumah-padel@0.1.0 build
> next build

node.exe : ΓÜá 
Warning: Next.js 
inferred your 
workspace root, but 
it may not be 
correct.
At C:\Program Files\n
odejs\npm.ps1:29 
char:3
+   & $NODE_EXE 
$NPM_CLI_JS $args
+   ~~~~~~~~~~~~~~~~~
~~~~~~~~~~~~
    + CategoryInfo   
           : NotSpe  
  cified: (ΓÜá War   
 ning: Ne...not b    
e correct.:Strin    
g) [], RemoteExc    
eption
    + FullyQualified 
   ErrorId : Native  
  CommandError
 
 We detected 
multiple lockfiles 
and selected the 
directory of C:\Users
\sulth\package-lock.j
son as the root 
directory.
 To silence this 
warning, set 
`turbopack.root` in 
your Next.js config, 
or consider removing 
one of the lockfiles 
if it's not needed.
   See https://nextjs
.org/docs/app/api-ref
erence/config/next-co
nfig-js/turbopack#roo
t-directory for more 
information.
 Detected additional 
lockfiles: 
   * C:\Users\sulth\r
umah-padel\package-lo
ck.json

Γû▓ Next.js 16.1.6 (Turbopack)
- Environments: .env.local, .env

  Creating an optimized production build ...
Γ£ô Compiled successfully in 21.6s
  Running TypeScript ...
Failed to compile.

./src/app/api/booking
s/available/route.ts:
30:47
Type error: Property 
'errors' does not 
exist on type 
'ZodError<{ courtId: 
string; date: 
string; }>'.

[0m [90m 28 |[39m 
                    
success[33m:[39m [
36mfalse[39m[33m,[
39m
 [90m 29 |[39m     
                
error[33m:[39m 
[32m"Validation erro
r"[39m[33m,[39m
[31m[1m>[22m[39m
[90m 30 |[39m       
              
message[33m:[39m va
lidation[33m.[39mer
ror[33m.[39merrors[
[35m0[39m][33m.[3
9mmessage[33m,[39m
 [90m    |[39m     
                     
                     
[31m[1m^[22m[39m
 [90m 31 |[39m     
            
}[33m,[39m
 [90m 32 |[39m     
            { 
status[33m:[39m 
[35m400[39m }
 [90m 33 |[39m     
        )[0m
Next.js build worker 
exited with code: 1 
and signal: null
